  Determining projects to restore...
  Nothing to do. None of the projects specified contain packages to restore.
C:\Users\PC\source\repos\ClinicPatientSystem\Forms\legacy\ReceptionistDashboard.cs(65,46): error CS0103: The name 'btnToggleSidebar' does not exist in the current context [C:\Users\PC\source\repos\ClinicPatientSystem\ClinicPatientSystem.csproj]
C:\Users\PC\source\repos\ClinicPatientSystem\Forms\legacy\ReceptionistDashboard.Designer.cs(33,18): error CS1061: 'ReceptionistDashboard' does not contain a definition for 'btnToggleSidebar' and no accessible extension method 'btnToggleSidebar' accepting a first argument of type 'ReceptionistDashboard' could be found (are you missing a using directive or an assembly reference?) [C:\Users\PC\source\repos\ClinicPatientSystem\ClinicPatientSystem.csproj]
C:\Users\PC\source\repos\ClinicPatientSystem\Forms\legacy\ReceptionistDashboard.Designer.cs(42,47): error CS1061: 'ReceptionistDashboard' does not contain a definition for 'btnToggleSidebar' and no accessible extension method 'btnToggleSidebar' accepting a first argument of type 'ReceptionistDashboard' could be found (are you missing a using directive or an assembly reference?) [C:\Users\PC\source\repos\ClinicPatientSystem\ClinicPatientSystem.csproj]
C:\Users\PC\source\repos\ClinicPatientSystem\Forms\legacy\ReceptionistDashboard.Designer.cs(51,18): error CS1061: 'ReceptionistDashboard' does not contain a definition for 'btnToggleSidebar' and no accessible extension method 'btnToggleSidebar' accepting a first argument of type 'ReceptionistDashboard' could be found (are you missing a using directive or an assembly reference?) [C:\Users\PC\source\repos\ClinicPatientSystem\ClinicPatientSystem.csproj]
C:\Users\PC\source\repos\ClinicPatientSystem\Forms\legacy\ReceptionistDashboard.Designer.cs(52,18): error CS1061: 'ReceptionistDashboard' does not contain a definition for 'btnToggleSidebar' and no accessible extension method 'btnToggleSidebar' accepting a first argument of type 'ReceptionistDashboard' could be found (are you missing a using directive or an assembly reference?) [C:\Users\PC\source\repos\ClinicPatientSystem\ClinicPatientSystem.csproj]
C:\Users\PC\source\repos\ClinicPatientSystem\Forms\legacy\ReceptionistDashboard.Designer.cs(53,18): error CS1061: 'ReceptionistDashboard' does not contain a definition for 'btnToggleSidebar' and no accessible extension method 'btnToggleSidebar' accepting a first argument of type 'ReceptionistDashboard' could be found (are you missing a using directive or an assembly reference?) [C:\Users\PC\source\repos\ClinicPatientSystem\ClinicPatientSystem.csproj]
C:\Users\PC\source\repos\ClinicPatientSystem\Forms\legacy\ReceptionistDashboard.Designer.cs(54,18): error CS1061: 'ReceptionistDashboard' does not contain a definition for 'btnToggleSidebar' and no accessible extension method 'btnToggleSidebar' accepting a first argument of type 'ReceptionistDashboard' could be found (are you missing a using directive or an assembly reference?) [C:\Users\PC\source\repos\ClinicPatientSystem\ClinicPatientSystem.csproj]
C:\Users\PC\source\repos\ClinicPatientSystem\Forms\legacy\ReceptionistDashboard.Designer.cs(55,18): error CS1061: 'ReceptionistDashboard' does not contain a definition for 'btnToggleSidebar' and no accessible extension method 'btnToggleSidebar' accepting a first argument of type 'ReceptionistDashboard' could be found (are you missing a using directive or an assembly reference?) [C:\Users\PC\source\repos\ClinicPatientSystem\ClinicPatientSystem.csproj]
C:\Users\PC\source\repos\ClinicPatientSystem\Forms\legacy\ReceptionistDashboard.Designer.cs(56,18): error CS1061: 'ReceptionistDashboard' does not contain a definition for 'btnToggleSidebar' and no accessible extension method 'btnToggleSidebar' accepting a first argument of type 'ReceptionistDashboard' could be found (are you missing a using directive or an assembly reference?) [C:\Users\PC\source\repos\ClinicPatientSystem\ClinicPatientSystem.csproj]
C:\Users\PC\source\repos\ClinicPatientSystem\Forms\legacy\ReceptionistDashboard.Designer.cs(57,18): error CS1061: 'ReceptionistDashboard' does not contain a definition for 'btnToggleSidebar' and no accessible extension method 'btnToggleSidebar' accepting a first argument of type 'ReceptionistDashboard' could be found (are you missing a using directive or an assembly reference?) [C:\Users\PC\source\repos\ClinicPatientSystem\ClinicPatientSystem.csproj]
C:\Users\PC\source\repos\ClinicPatientSystem\Forms\legacy\ReceptionistDashboard.Designer.cs(58,18): error CS1061: 'ReceptionistDashboard' does not contain a definition for 'btnToggleSidebar' and no accessible extension method 'btnToggleSidebar' accepting a first argument of type 'ReceptionistDashboard' could be found (are you missing a using directive or an assembly reference?) [C:\Users\PC\source\repos\ClinicPatientSystem\ClinicPatientSystem.csproj]

Build FAILED.

C:\Users\PC\source\repos\ClinicPatientSystem\Forms\legacy\ReceptionistDashboard.cs(65,46): error CS0103: The name 'btnToggleSidebar' does not exist in the current context [C:\Users\PC\source\repos\ClinicPatientSystem\ClinicPatientSystem.csproj]
C:\Users\PC\source\repos\ClinicPatientSystem\Forms\legacy\ReceptionistDashboard.Designer.cs(33,18): error CS1061: 'ReceptionistDashboard' does not contain a definition for 'btnToggleSidebar' and no accessible extension method 'btnToggleSidebar' accepting a first argument of type 'ReceptionistDashboard' could be found (are you missing a using directive or an assembly reference?) [C:\Users\PC\source\repos\ClinicPatientSystem\ClinicPatientSystem.csproj]
C:\Users\PC\source\repos\ClinicPatientSystem\Forms\legacy\ReceptionistDashboard.Designer.cs(42,47): error CS1061: 'ReceptionistDashboard' does not contain a definition for 'btnToggleSidebar' and no accessible extension method 'btnToggleSidebar' accepting a first argument of type 'ReceptionistDashboard' could be found (are you missing a using directive or an assembly reference?) [C:\Users\PC\source\repos\ClinicPatientSystem\ClinicPatientSystem.csproj]
C:\Users\PC\source\repos\ClinicPatientSystem\Forms\legacy\ReceptionistDashboard.Designer.cs(51,18): error CS1061: 'ReceptionistDashboard' does not contain a definition for 'btnToggleSidebar' and no accessible extension method 'btnToggleSidebar' accepting a first argument of type 'ReceptionistDashboard' could be found (are you missing a using directive or an assembly reference?) [C:\Users\PC\source\repos\ClinicPatientSystem\ClinicPatientSystem.csproj]
C:\Users\PC\source\repos\ClinicPatientSystem\Forms\legacy\ReceptionistDashboard.Designer.cs(52,18): error CS1061: 'ReceptionistDashboard' does not contain a definition for 'btnToggleSidebar' and no accessible extension method 'btnToggleSidebar' accepting a first argument of type 'ReceptionistDashboard' could be found (are you missing a using directive or an assembly reference?) [C:\Users\PC\source\repos\ClinicPatientSystem\ClinicPatientSystem.csproj]
C:\Users\PC\source\repos\ClinicPatientSystem\Forms\legacy\ReceptionistDashboard.Designer.cs(53,18): error CS1061: 'ReceptionistDashboard' does not contain a definition for 'btnToggleSidebar' and no accessible extension method 'btnToggleSidebar' accepting a first argument of type 'ReceptionistDashboard' could be found (are you missing a using directive or an assembly reference?) [C:\Users\PC\source\repos\ClinicPatientSystem\ClinicPatientSystem.csproj]
C:\Users\PC\source\repos\ClinicPatientSystem\Forms\legacy\ReceptionistDashboard.Designer.cs(54,18): error CS1061: 'ReceptionistDashboard' does not contain a definition for 'btnToggleSidebar' and no accessible extension method 'btnToggleSidebar' accepting a first argument of type 'ReceptionistDashboard' could be found (are you missing a using directive or an assembly reference?) [C:\Users\PC\source\repos\ClinicPatientSystem\ClinicPatientSystem.csproj]
C:\Users\PC\source\repos\ClinicPatientSystem\Forms\legacy\ReceptionistDashboard.Designer.cs(55,18): error CS1061: 'ReceptionistDashboard' does not contain a definition for 'btnToggleSidebar' and no accessible extension method 'btnToggleSidebar' accepting a first argument of type 'ReceptionistDashboard' could be found (are you missing a using directive or an assembly reference?) [C:\Users\PC\source\repos\ClinicPatientSystem\ClinicPatientSystem.csproj]
C:\Users\PC\source\repos\ClinicPatientSystem\Forms\legacy\ReceptionistDashboard.Designer.cs(56,18): error CS1061: 'ReceptionistDashboard' does not contain a definition for 'btnToggleSidebar' and no accessible extension method 'btnToggleSidebar' accepting a first argument of type 'ReceptionistDashboard' could be found (are you missing a using directive or an assembly reference?) [C:\Users\PC\source\repos\ClinicPatientSystem\ClinicPatientSystem.csproj]
C:\Users\PC\source\repos\ClinicPatientSystem\Forms\legacy\ReceptionistDashboard.Designer.cs(57,18): error CS1061: 'ReceptionistDashboard' does not contain a definition for 'btnToggleSidebar' and no accessible extension method 'btnToggleSidebar' accepting a first argument of type 'ReceptionistDashboard' could be found (are you missing a using directive or an assembly reference?) [C:\Users\PC\source\repos\ClinicPatientSystem\ClinicPatientSystem.csproj]
C:\Users\PC\source\repos\ClinicPatientSystem\Forms\legacy\ReceptionistDashboard.Designer.cs(58,18): error CS1061: 'ReceptionistDashboard' does not contain a definition for 'btnToggleSidebar' and no accessible extension method 'btnToggleSidebar' accepting a first argument of type 'ReceptionistDashboard' could be found (are you missing a using directive or an assembly reference?) [C:\Users\PC\source\repos\ClinicPatientSystem\ClinicPatientSystem.csproj]
    0 Warning(s)
    11 Error(s)

Time Elapsed 00:00:03.28
