
C:\Users\PC\source\repos\ClinicPatientSystem\Forms\forms\MainContainer.cs(41,85): error CS0246: The type or namespace 
name 'Register' could not be found (are you missing a using directive or an assembly reference?) 
[C:\Users\PC\source\repos\ClinicPatientSystem\ClinicPatientSystem.csproj]
C:\Users\PC\source\repos\ClinicPatientSystem\Forms\forms\MainContainer.cs(79,34): error CS0246: The type or namespace 
name 'UserDashboard' could not be found (are you missing a using directive or an assembly reference?) 
[C:\Users\PC\source\repos\ClinicPatientSystem\ClinicPatientSystem.csproj]
C:\Users\PC\source\repos\ClinicPatientSystem\Forms\forms\MainContainer.cs(99,61): error CS0246: The type or namespace 
name 'DoctorsForm' could not be found (are you missing a using directive or an assembly reference?) 
[C:\Users\PC\source\repos\ClinicPatientSystem\ClinicPatientSystem.csproj]
C:\Users\PC\source\repos\ClinicPatientSystem\Forms\forms\MainContainer.cs(103,62): error CS0246: The type or namespace 
name 'PatientForm' could not be found (are you missing a using directive or an assembly reference?) 
[C:\Users\PC\source\repos\ClinicPatientSystem\ClinicPatientSystem.csproj]
C:\Users\PC\source\repos\ClinicPatientSystem\Forms\forms\MainContainer.cs(107,66): error CS0246: The type or namespace 
name 'AppointmentForm' could not be found (are you missing a using directive or an assembly reference?) 
[C:\Users\PC\source\repos\ClinicPatientSystem\ClinicPatientSystem.csproj]
C:\Users\PC\source\repos\ClinicPatientSystem\Forms\forms\MainContainer.cs(111,61): error CS0246: The type or namespace 
name 'ReportsForm' could not be found (are you missing a using directive or an assembly reference?) 
[C:\Users\PC\source\repos\ClinicPatientSystem\ClinicPatientSystem.csproj]
C:\Users\PC\source\repos\ClinicPatientSystem\Forms\forms\MainContainer.cs(119,60): error CS0246: The type or namespace 
name 'StaffAppointmentView' could not be found (are you missing a using directive or an assembly reference?) 
[C:\Users\PC\source\repos\ClinicPatientSystem\ClinicPatientSystem.csproj]
C:\Users\PC\source\repos\ClinicPatientSystem\Forms\forms\MainContainer.cs(123,64): error CS0246: The type or namespace 
name 'MedicalHistoryForm' could not be found (are you missing a using directive or an assembly reference?) 
[C:\Users\PC\source\repos\ClinicPatientSystem\ClinicPatientSystem.csproj]
C:\Users\PC\source\repos\ClinicPatientSystem\Forms\forms\MainContainer.cs(130,92): error CS0246: The type or namespace 
name 'PatientForm' could not be found (are you missing a using directive or an assembly reference?) 
[C:\Users\PC\source\repos\ClinicPatientSystem\ClinicPatientSystem.csproj]
C:\Users\PC\source\repos\ClinicPatientSystem\Forms\forms\MainContainer.cs(131,95): error CS0246: The type or namespace 
name 'PatientForm' could not be found (are you missing a using directive or an assembly reference?) 
[C:\Users\PC\source\repos\ClinicPatientSystem\ClinicPatientSystem.csproj]
C:\Users\PC\source\repos\ClinicPatientSystem\Forms\forms\MainContainer.cs(135,92): error CS0246: The type or namespace 
name 'BookAppointmentForm' could not be found (are you missing a using directive or an assembly reference?) 
[C:\Users\PC\source\repos\ClinicPatientSystem\ClinicPatientSystem.csproj]
C:\Users\PC\source\repos\ClinicPatientSystem\Forms\forms\MainContainer.cs(136,89): error CS0246: The type or namespace 
name 'StaffAppointmentView' could not be found (are you missing a using directive or an assembly reference?) 
[C:\Users\PC\source\repos\ClinicPatientSystem\ClinicPatientSystem.csproj]
C:\Users\PC\source\repos\ClinicPatientSystem\Forms\forms\MainContainer.cs(143,101): error CS0246: The type or 
namespace name 'BookAppointmentForm' could not be found (are you missing a using directive or an assembly reference?) 
[C:\Users\PC\source\repos\ClinicPatientSystem\ClinicPatientSystem.csproj]
C:\Users\PC\source\repos\ClinicPatientSystem\Forms\forms\MainContainer.cs(144,100): error CS0246: The type or 
namespace name 'MyAppointmentsForm' could not be found (are you missing a using directive or an assembly reference?) 
[C:\Users\PC\source\repos\ClinicPatientSystem\ClinicPatientSystem.csproj]
C:\Users\PC\source\repos\ClinicPatientSystem\Forms\forms\MainContainer.cs(148,61): error CS0246: The type or namespace 
name 'ViewDoctorsForm' could not be found (are you missing a using directive or an assembly reference?) 
[C:\Users\PC\source\repos\ClinicPatientSystem\ClinicPatientSystem.csproj]
C:\Users\PC\source\repos\ClinicPatientSystem\Forms\forms\MainContainer.cs(152,95): error CS0246: The type or namespace 
name 'MedicalHistoryForm' could not be found (are you missing a using directive or an assembly reference?) 
[C:\Users\PC\source\repos\ClinicPatientSystem\ClinicPatientSystem.csproj]
C:\Users\PC\source\repos\ClinicPatientSystem\Forms\forms\MainContainer.cs(153,90): error CS0246: The type or namespace 
name 'UserProfileForm' could not be found (are you missing a using directive or an assembly reference?) 
[C:\Users\PC\source\repos\ClinicPatientSystem\ClinicPatientSystem.csproj]
C:\Users\PC\source\repos\ClinicPatientSystem\Forms\forms\MainContainer.cs(157,94): error CS0246: The type or namespace 
name 'GiveFeedbackForm' could not be found (are you missing a using directive or an assembly reference?) 
[C:\Users\PC\source\repos\ClinicPatientSystem\ClinicPatientSystem.csproj]
C:\Users\PC\source\repos\ClinicPatientSystem\Forms\forms\MainContainer.cs(158,94): error CS0246: The type or namespace 
name 'NotificationsForm' could not be found (are you missing a using directive or an assembly reference?) 
[C:\Users\PC\source\repos\ClinicPatientSystem\ClinicPatientSystem.csproj]
C:\Users\PC\source\repos\ClinicPatientSystem\Forms\forms\MainContainer.cs(214,30): error CS0246: The type or namespace 
name 'UserDashboard' could not be found (are you missing a using directive or an assembly reference?) 
[C:\Users\PC\source\repos\ClinicPatientSystem\ClinicPatientSystem.csproj]
C:\Users\PC\source\repos\ClinicPatientSystem\Forms\forms\MainContainer.cs(41,85): error CS0246: The type or namespace 
name 'Register' could not be found (are you missing a using directive or an assembly reference?) 
[C:\Users\PC\source\repos\ClinicPatientSystem\ClinicPatientSystem.csproj]
C:\Users\PC\source\repos\ClinicPatientSystem\Forms\forms\MainContainer.cs(79,34): error CS0246: The type or namespace 
name 'UserDashboard' could not be found (are you missing a using directive or an assembly reference?) 
[C:\Users\PC\source\repos\ClinicPatientSystem\ClinicPatientSystem.csproj]
C:\Users\PC\source\repos\ClinicPatientSystem\Forms\forms\MainContainer.cs(99,61): error CS0246: The type or namespace 
name 'DoctorsForm' could not be found (are you missing a using directive or an assembly reference?) 
[C:\Users\PC\source\repos\ClinicPatientSystem\ClinicPatientSystem.csproj]
C:\Users\PC\source\repos\ClinicPatientSystem\Forms\forms\MainContainer.cs(103,62): error CS0246: The type or namespace 
name 'PatientForm' could not be found (are you missing a using directive or an assembly reference?) 
[C:\Users\PC\source\repos\ClinicPatientSystem\ClinicPatientSystem.csproj]
C:\Users\PC\source\repos\ClinicPatientSystem\Forms\forms\MainContainer.cs(107,66): error CS0246: The type or namespace 
name 'AppointmentForm' could not be found (are you missing a using directive or an assembly reference?) 
[C:\Users\PC\source\repos\ClinicPatientSystem\ClinicPatientSystem.csproj]
C:\Users\PC\source\repos\ClinicPatientSystem\Forms\forms\MainContainer.cs(111,61): error CS0246: The type or namespace 
name 'ReportsForm' could not be found (are you missing a using directive or an assembly reference?) 
[C:\Users\PC\source\repos\ClinicPatientSystem\ClinicPatientSystem.csproj]
C:\Users\PC\source\repos\ClinicPatientSystem\Forms\forms\MainContainer.cs(119,60): error CS0246: The type or namespace 
name 'StaffAppointmentView' could not be found (are you missing a using directive or an assembly reference?) 
[C:\Users\PC\source\repos\ClinicPatientSystem\ClinicPatientSystem.csproj]
C:\Users\PC\source\repos\ClinicPatientSystem\Forms\forms\MainContainer.cs(123,64): error CS0246: The type or namespace 
name 'MedicalHistoryForm' could not be found (are you missing a using directive or an assembly reference?) 
[C:\Users\PC\source\repos\ClinicPatientSystem\ClinicPatientSystem.csproj]
C:\Users\PC\source\repos\ClinicPatientSystem\Forms\forms\MainContainer.cs(130,92): error CS0246: The type or namespace 
name 'PatientForm' could not be found (are you missing a using directive or an assembly reference?) 
[C:\Users\PC\source\repos\ClinicPatientSystem\ClinicPatientSystem.csproj]
C:\Users\PC\source\repos\ClinicPatientSystem\Forms\forms\MainContainer.cs(131,95): error CS0246: The type or namespace 
name 'PatientForm' could not be found (are you missing a using directive or an assembly reference?) 
[C:\Users\PC\source\repos\ClinicPatientSystem\ClinicPatientSystem.csproj]
C:\Users\PC\source\repos\ClinicPatientSystem\Forms\forms\MainContainer.cs(135,92): error CS0246: The type or namespace 
name 'BookAppointmentForm' could not be found (are you missing a using directive or an assembly reference?) 
[C:\Users\PC\source\repos\ClinicPatientSystem\ClinicPatientSystem.csproj]
C:\Users\PC\source\repos\ClinicPatientSystem\Forms\forms\MainContainer.cs(136,89): error CS0246: The type or namespace 
name 'StaffAppointmentView' could not be found (are you missing a using directive or an assembly reference?) 
[C:\Users\PC\source\repos\ClinicPatientSystem\ClinicPatientSystem.csproj]
C:\Users\PC\source\repos\ClinicPatientSystem\Forms\forms\MainContainer.cs(143,101): error CS0246: The type or 
namespace name 'BookAppointmentForm' could not be found (are you missing a using directive or an assembly reference?) 
[C:\Users\PC\source\repos\ClinicPatientSystem\ClinicPatientSystem.csproj]
C:\Users\PC\source\repos\ClinicPatientSystem\Forms\forms\MainContainer.cs(144,100): error CS0246: The type or 
namespace name 'MyAppointmentsForm' could not be found (are you missing a using directive or an assembly reference?) 
[C:\Users\PC\source\repos\ClinicPatientSystem\ClinicPatientSystem.csproj]
C:\Users\PC\source\repos\ClinicPatientSystem\Forms\forms\MainContainer.cs(148,61): error CS0246: The type or namespace 
name 'ViewDoctorsForm' could not be found (are you missing a using directive or an assembly reference?) 
[C:\Users\PC\source\repos\ClinicPatientSystem\ClinicPatientSystem.csproj]
C:\Users\PC\source\repos\ClinicPatientSystem\Forms\forms\MainContainer.cs(152,95): error CS0246: The type or namespace 
name 'MedicalHistoryForm' could not be found (are you missing a using directive or an assembly reference?) 
[C:\Users\PC\source\repos\ClinicPatientSystem\ClinicPatientSystem.csproj]
C:\Users\PC\source\repos\ClinicPatientSystem\Forms\forms\MainContainer.cs(153,90): error CS0246: The type or namespace 
name 'UserProfileForm' could not be found (are you missing a using directive or an assembly reference?) 
[C:\Users\PC\source\repos\ClinicPatientSystem\ClinicPatientSystem.csproj]
C:\Users\PC\source\repos\ClinicPatientSystem\Forms\forms\MainContainer.cs(157,94): error CS0246: The type or namespace 
name 'GiveFeedbackForm' could not be found (are you missing a using directive or an assembly reference?) 
[C:\Users\PC\source\repos\ClinicPatientSystem\ClinicPatientSystem.csproj]
C:\Users\PC\source\repos\ClinicPatientSystem\Forms\forms\MainContainer.cs(158,94): error CS0246: The type or namespace 
name 'NotificationsForm' could not be found (are you missing a using directive or an assembly reference?) 
[C:\Users\PC\source\repos\ClinicPatientSystem\ClinicPatientSystem.csproj]
C:\Users\PC\source\repos\ClinicPatientSystem\Forms\forms\MainContainer.cs(214,30): error CS0246: The type or namespace 
name 'UserDashboard' could not be found (are you missing a using directive or an assembly reference?) 
[C:\Users\PC\source\repos\ClinicPatientSystem\ClinicPatientSystem.csproj]
    20 Error(s)


